Archive member included because of file (symbol)

c:/program files (x86)/atmel/atmel toolchain/avr8 gcc/native/3.4.1061/avr8-gnu-toolchain/bin/../lib/gcc/avr/4.8.1/avr5\libgcc.a(_udivmodsi4.o)
                              MCAL/UART/UART.o (__udivmodsi4)
c:/program files (x86)/atmel/atmel toolchain/avr8 gcc/native/3.4.1061/avr8-gnu-toolchain/bin/../lib/gcc/avr/4.8.1/avr5\libgcc.a(_exit.o)
                              c:/program files (x86)/atmel/atmel toolchain/avr8 gcc/native/3.4.1061/avr8-gnu-toolchain/bin/../lib/gcc/avr/4.8.1/../../../../avr/lib/avr5/crtm32a.o (exit)
c:/program files (x86)/atmel/atmel toolchain/avr8 gcc/native/3.4.1061/avr8-gnu-toolchain/bin/../lib/gcc/avr/4.8.1/avr5\libgcc.a(_tablejump.o)
                              MCAL/SPI/SPI.o (__tablejump2__)
c:/program files (x86)/atmel/atmel toolchain/avr8 gcc/native/3.4.1061/avr8-gnu-toolchain/bin/../lib/gcc/avr/4.8.1/avr5\libgcc.a(_copy_data.o)
                              APP/Master/Master.o (__do_copy_data)
c:/program files (x86)/atmel/atmel toolchain/avr8 gcc/native/3.4.1061/avr8-gnu-toolchain/bin/../lib/gcc/avr/4.8.1/avr5\libgcc.a(_clear_bss.o)
                              APP/Master/Master.o (__do_clear_bss)
c:/program files (x86)/atmel/atmel toolchain/avr8 gcc/native/3.4.1061/avr8-gnu-toolchain/bin/../lib/gcc/avr/4.8.1/avr5\libgcc.a(_muluhisi3.o)
                              ECUAL/SOFTWARE DELAY/softwareDelay.o (__muluhisi3)
c:/program files (x86)/atmel/atmel toolchain/avr8 gcc/native/3.4.1061/avr8-gnu-toolchain/bin/../lib/gcc/avr/4.8.1/avr5\libgcc.a(_umulhisi3.o)
                              c:/program files (x86)/atmel/atmel toolchain/avr8 gcc/native/3.4.1061/avr8-gnu-toolchain/bin/../lib/gcc/avr/4.8.1/avr5\libgcc.a(_muluhisi3.o) (__umulhisi3)
c:/program files (x86)/atmel/atmel toolchain/avr8 gcc/native/3.4.1061/avr8-gnu-toolchain/bin/../lib/gcc/avr/4.8.1/../../../../avr/lib/avr5\libc.a(itoa_ncheck.o)
                              APP/Master/Master.o (__itoa_ncheck)
c:/program files (x86)/atmel/atmel toolchain/avr8 gcc/native/3.4.1061/avr8-gnu-toolchain/bin/../lib/gcc/avr/4.8.1/../../../../avr/lib/avr5\libc.a(utoa_ncheck.o)
                              c:/program files (x86)/atmel/atmel toolchain/avr8 gcc/native/3.4.1061/avr8-gnu-toolchain/bin/../lib/gcc/avr/4.8.1/../../../../avr/lib/avr5\libc.a(itoa_ncheck.o) (__utoa_common)
c:/program files (x86)/atmel/atmel toolchain/avr8 gcc/native/3.4.1061/avr8-gnu-toolchain/bin/../lib/gcc/avr/4.8.1/../../../../avr/lib/avr5\libc.a(strrev.o)
                              c:/program files (x86)/atmel/atmel toolchain/avr8 gcc/native/3.4.1061/avr8-gnu-toolchain/bin/../lib/gcc/avr/4.8.1/../../../../avr/lib/avr5\libc.a(utoa_ncheck.o) (strrev)

Discarded input sections

 .data          0x00000000        0x0 c:/program files (x86)/atmel/atmel toolchain/avr8 gcc/native/3.4.1061/avr8-gnu-toolchain/bin/../lib/gcc/avr/4.8.1/../../../../avr/lib/avr5/crtm32a.o
 .bss           0x00000000        0x0 c:/program files (x86)/atmel/atmel toolchain/avr8 gcc/native/3.4.1061/avr8-gnu-toolchain/bin/../lib/gcc/avr/4.8.1/../../../../avr/lib/avr5/crtm32a.o
 .text          0x00000000        0x0 APP/Master/Master.o
 .data          0x00000000        0x0 APP/Master/Master.o
 .bss           0x00000000        0x0 APP/Master/Master.o
 .text          0x00000000        0x0 ECUAL/LCD/Char_lcd.o
 .data          0x00000000        0x0 ECUAL/LCD/Char_lcd.o
 .bss           0x00000000        0x0 ECUAL/LCD/Char_lcd.o
 .text.LCD_clear
                0x00000000        0x8 ECUAL/LCD/Char_lcd.o
 .text          0x00000000        0x0 ECUAL/Push Button/PushButton.o
 .data          0x00000000        0x0 ECUAL/Push Button/PushButton.o
 .bss           0x00000000        0x0 ECUAL/Push Button/PushButton.o
 .text          0x00000000        0x0 ECUAL/SOFTWARE DELAY/softwareDelay.o
 .data          0x00000000        0x0 ECUAL/SOFTWARE DELAY/softwareDelay.o
 .bss           0x00000000        0x0 ECUAL/SOFTWARE DELAY/softwareDelay.o
 .text          0x00000000        0x0 ECUAL/Speed Handler/SpeedHandler.o
 .data          0x00000000        0x0 ECUAL/Speed Handler/SpeedHandler.o
 .bss           0x00000000        0x0 ECUAL/Speed Handler/SpeedHandler.o
 .text          0x00000000        0x0 ECUAL/SPI interface/SPI_If.o
 .data          0x00000000        0x0 ECUAL/SPI interface/SPI_If.o
 .bss           0x00000000        0x0 ECUAL/SPI interface/SPI_If.o
 .text          0x00000000        0x0 ECUAL/TIMER interface/TIMERIF.o
 .data          0x00000000        0x0 ECUAL/TIMER interface/TIMERIF.o
 .bss           0x00000000        0x0 ECUAL/TIMER interface/TIMERIF.o
 .text          0x00000000        0x0 ECUAL/UART interface/UARTIF.o
 .data          0x00000000        0x0 ECUAL/UART interface/UARTIF.o
 .bss           0x00000000        0x0 ECUAL/UART interface/UARTIF.o
 .text          0x00000000        0x0 MCAL/DIO/DIO.o
 .data          0x00000000        0x0 MCAL/DIO/DIO.o
 .bss           0x00000000        0x0 MCAL/DIO/DIO.o
 .text.DIO_Toggle
                0x00000000       0x3c MCAL/DIO/DIO.o
 .text          0x00000000        0x0 MCAL/SPI/SPI.o
 .data          0x00000000        0x0 MCAL/SPI/SPI.o
 .bss           0x00000000        0x0 MCAL/SPI/SPI.o
 .text.SPI_GetData
                0x00000000        0xa MCAL/SPI/SPI.o
 .text.SPI_SetData
                0x00000000        0x6 MCAL/SPI/SPI.o
 .text.SPI_SlaveTransmission
                0x00000000       0x20 MCAL/SPI/SPI.o
 .text.SPI_GetStatus
                0x00000000       0x1a MCAL/SPI/SPI.o
 .text.SPI_Exchange
                0x00000000       0x20 MCAL/SPI/SPI.o
 .text          0x00000000        0x0 MCAL/TIMER/Timer.o
 .data          0x00000000        0x0 MCAL/TIMER/Timer.o
 .bss           0x00000000        0x0 MCAL/TIMER/Timer.o
 .text.Timer_Stop
                0x00000000       0x52 MCAL/TIMER/Timer.o
 .text.Timer_GetStatus
                0x00000000       0x3c MCAL/TIMER/Timer.o
 .text.Timer_GetValue
                0x00000000       0x48 MCAL/TIMER/Timer.o
 .text          0x00000000        0x0 MCAL/UART/UART.o
 .data          0x00000000        0x0 MCAL/UART/UART.o
 .bss           0x00000000        0x0 MCAL/UART/UART.o
 .text.UART_Deinit
                0x00000000       0x6c MCAL/UART/UART.o
 .text          0x00000000        0x0 Vehicle State Estimator.o
 .data          0x00000000        0x0 Vehicle State Estimator.o
 .bss           0x00000000        0x0 Vehicle State Estimator.o
 .text          0x00000000        0x0 c:/program files (x86)/atmel/atmel toolchain/avr8 gcc/native/3.4.1061/avr8-gnu-toolchain/bin/../lib/gcc/avr/4.8.1/avr5\libgcc.a(_udivmodsi4.o)
 .data          0x00000000        0x0 c:/program files (x86)/atmel/atmel toolchain/avr8 gcc/native/3.4.1061/avr8-gnu-toolchain/bin/../lib/gcc/avr/4.8.1/avr5\libgcc.a(_udivmodsi4.o)
 .bss           0x00000000        0x0 c:/program files (x86)/atmel/atmel toolchain/avr8 gcc/native/3.4.1061/avr8-gnu-toolchain/bin/../lib/gcc/avr/4.8.1/avr5\libgcc.a(_udivmodsi4.o)
 .text.libgcc.mul
                0x00000000        0x0 c:/program files (x86)/atmel/atmel toolchain/avr8 gcc/native/3.4.1061/avr8-gnu-toolchain/bin/../lib/gcc/avr/4.8.1/avr5\libgcc.a(_udivmodsi4.o)
 .text.libgcc   0x00000000        0x0 c:/program files (x86)/atmel/atmel toolchain/avr8 gcc/native/3.4.1061/avr8-gnu-toolchain/bin/../lib/gcc/avr/4.8.1/avr5\libgcc.a(_udivmodsi4.o)
 .text.libgcc.prologue
                0x00000000        0x0 c:/program files (x86)/atmel/atmel toolchain/avr8 gcc/native/3.4.1061/avr8-gnu-toolchain/bin/../lib/gcc/avr/4.8.1/avr5\libgcc.a(_udivmodsi4.o)
 .text.libgcc.builtins
                0x00000000        0x0 c:/program files (x86)/atmel/atmel toolchain/avr8 gcc/native/3.4.1061/avr8-gnu-toolchain/bin/../lib/gcc/avr/4.8.1/avr5\libgcc.a(_udivmodsi4.o)
 .text.libgcc.fmul
                0x00000000        0x0 c:/program files (x86)/atmel/atmel toolchain/avr8 gcc/native/3.4.1061/avr8-gnu-toolchain/bin/../lib/gcc/avr/4.8.1/avr5\libgcc.a(_udivmodsi4.o)
 .text.libgcc.fixed
                0x00000000        0x0 c:/program files (x86)/atmel/atmel toolchain/avr8 gcc/native/3.4.1061/avr8-gnu-toolchain/bin/../lib/gcc/avr/4.8.1/avr5\libgcc.a(_udivmodsi4.o)
 .text          0x00000000        0x0 c:/program files (x86)/atmel/atmel toolchain/avr8 gcc/native/3.4.1061/avr8-gnu-toolchain/bin/../lib/gcc/avr/4.8.1/avr5\libgcc.a(_exit.o)
 .data          0x00000000        0x0 c:/program files (x86)/atmel/atmel toolchain/avr8 gcc/native/3.4.1061/avr8-gnu-toolchain/bin/../lib/gcc/avr/4.8.1/avr5\libgcc.a(_exit.o)
 .bss           0x00000000        0x0 c:/program files (x86)/atmel/atmel toolchain/avr8 gcc/native/3.4.1061/avr8-gnu-toolchain/bin/../lib/gcc/avr/4.8.1/avr5\libgcc.a(_exit.o)
 .text.libgcc.mul
                0x00000000        0x0 c:/program files (x86)/atmel/atmel toolchain/avr8 gcc/native/3.4.1061/avr8-gnu-toolchain/bin/../lib/gcc/avr/4.8.1/avr5\libgcc.a(_exit.o)
 .text.libgcc.div
                0x00000000        0x0 c:/program files (x86)/atmel/atmel toolchain/avr8 gcc/native/3.4.1061/avr8-gnu-toolchain/bin/../lib/gcc/avr/4.8.1/avr5\libgcc.a(_exit.o)
 .text.libgcc   0x00000000        0x0 c:/program files (x86)/atmel/atmel toolchain/avr8 gcc/native/3.4.1061/avr8-gnu-toolchain/bin/../lib/gcc/avr/4.8.1/avr5\libgcc.a(_exit.o)
 .text.libgcc.prologue
                0x00000000        0x0 c:/program files (x86)/atmel/atmel toolchain/avr8 gcc/native/3.4.1061/avr8-gnu-toolchain/bin/../lib/gcc/avr/4.8.1/avr5\libgcc.a(_exit.o)
 .text.libgcc.builtins
                0x00000000        0x0 c:/program files (x86)/atmel/atmel toolchain/avr8 gcc/native/3.4.1061/avr8-gnu-toolchain/bin/../lib/gcc/avr/4.8.1/avr5\libgcc.a(_exit.o)
 .text.libgcc.fmul
                0x00000000        0x0 c:/program files (x86)/atmel/atmel toolchain/avr8 gcc/native/3.4.1061/avr8-gnu-toolchain/bin/../lib/gcc/avr/4.8.1/avr5\libgcc.a(_exit.o)
 .text.libgcc.fixed
                0x00000000        0x0 c:/program files (x86)/atmel/atmel toolchain/avr8 gcc/native/3.4.1061/avr8-gnu-toolchain/bin/../lib/gcc/avr/4.8.1/avr5\libgcc.a(_exit.o)
 .text          0x00000000        0x0 c:/program files (x86)/atmel/atmel toolchain/avr8 gcc/native/3.4.1061/avr8-gnu-toolchain/bin/../lib/gcc/avr/4.8.1/avr5\libgcc.a(_tablejump.o)
 .data          0x00000000        0x0 c:/program files (x86)/atmel/atmel toolchain/avr8 gcc/native/3.4.1061/avr8-gnu-toolchain/bin/../lib/gcc/avr/4.8.1/avr5\libgcc.a(_tablejump.o)
 .bss           0x00000000        0x0 c:/program files (x86)/atmel/atmel toolchain/avr8 gcc/native/3.4.1061/avr8-gnu-toolchain/bin/../lib/gcc/avr/4.8.1/avr5\libgcc.a(_tablejump.o)
 .text.libgcc.mul
                0x00000000        0x0 c:/program files (x86)/atmel/atmel toolchain/avr8 gcc/native/3.4.1061/avr8-gnu-toolchain/bin/../lib/gcc/avr/4.8.1/avr5\libgcc.a(_tablejump.o)
 .text.libgcc.div
                0x00000000        0x0 c:/program files (x86)/atmel/atmel toolchain/avr8 gcc/native/3.4.1061/avr8-gnu-toolchain/bin/../lib/gcc/avr/4.8.1/avr5\libgcc.a(_tablejump.o)
 .text.libgcc.prologue
                0x00000000        0x0 c:/program files (x86)/atmel/atmel toolchain/avr8 gcc/native/3.4.1061/avr8-gnu-toolchain/bin/../lib/gcc/avr/4.8.1/avr5\libgcc.a(_tablejump.o)
 .text.libgcc.builtins
                0x00000000        0x0 c:/program files (x86)/atmel/atmel toolchain/avr8 gcc/native/3.4.1061/avr8-gnu-toolchain/bin/../lib/gcc/avr/4.8.1/avr5\libgcc.a(_tablejump.o)
 .text.libgcc.fmul
                0x00000000        0x0 c:/program files (x86)/atmel/atmel toolchain/avr8 gcc/native/3.4.1061/avr8-gnu-toolchain/bin/../lib/gcc/avr/4.8.1/avr5\libgcc.a(_tablejump.o)
 .text.libgcc.fixed
                0x00000000        0x0 c:/program files (x86)/atmel/atmel toolchain/avr8 gcc/native/3.4.1061/avr8-gnu-toolchain/bin/../lib/gcc/avr/4.8.1/avr5\libgcc.a(_tablejump.o)
 .text          0x00000000        0x0 c:/program files (x86)/atmel/atmel toolchain/avr8 gcc/native/3.4.1061/avr8-gnu-toolchain/bin/../lib/gcc/avr/4.8.1/avr5\libgcc.a(_copy_data.o)
 .data          0x00000000        0x0 c:/program files (x86)/atmel/atmel toolchain/avr8 gcc/native/3.4.1061/avr8-gnu-toolchain/bin/../lib/gcc/avr/4.8.1/avr5\libgcc.a(_copy_data.o)
 .bss           0x00000000        0x0 c:/program files (x86)/atmel/atmel toolchain/avr8 gcc/native/3.4.1061/avr8-gnu-toolchain/bin/../lib/gcc/avr/4.8.1/avr5\libgcc.a(_copy_data.o)
 .text.libgcc.mul
                0x00000000        0x0 c:/program files (x86)/atmel/atmel toolchain/avr8 gcc/native/3.4.1061/avr8-gnu-toolchain/bin/../lib/gcc/avr/4.8.1/avr5\libgcc.a(_copy_data.o)
 .text.libgcc.div
                0x00000000        0x0 c:/program files (x86)/atmel/atmel toolchain/avr8 gcc/native/3.4.1061/avr8-gnu-toolchain/bin/../lib/gcc/avr/4.8.1/avr5\libgcc.a(_copy_data.o)
 .text.libgcc   0x00000000        0x0 c:/program files (x86)/atmel/atmel toolchain/avr8 gcc/native/3.4.1061/avr8-gnu-toolchain/bin/../lib/gcc/avr/4.8.1/avr5\libgcc.a(_copy_data.o)
 .text.libgcc.prologue
                0x00000000        0x0 c:/program files (x86)/atmel/atmel toolchain/avr8 gcc/native/3.4.1061/avr8-gnu-toolchain/bin/../lib/gcc/avr/4.8.1/avr5\libgcc.a(_copy_data.o)
 .text.libgcc.builtins
                0x00000000        0x0 c:/program files (x86)/atmel/atmel toolchain/avr8 gcc/native/3.4.1061/avr8-gnu-toolchain/bin/../lib/gcc/avr/4.8.1/avr5\libgcc.a(_copy_data.o)
 .text.libgcc.fmul
                0x00000000        0x0 c:/program files (x86)/atmel/atmel toolchain/avr8 gcc/native/3.4.1061/avr8-gnu-toolchain/bin/../lib/gcc/avr/4.8.1/avr5\libgcc.a(_copy_data.o)
 .text.libgcc.fixed
                0x00000000        0x0 c:/program files (x86)/atmel/atmel toolchain/avr8 gcc/native/3.4.1061/avr8-gnu-toolchain/bin/../lib/gcc/avr/4.8.1/avr5\libgcc.a(_copy_data.o)
 .text          0x00000000        0x0 c:/program files (x86)/atmel/atmel toolchain/avr8 gcc/native/3.4.1061/avr8-gnu-toolchain/bin/../lib/gcc/avr/4.8.1/avr5\libgcc.a(_clear_bss.o)
 .data          0x00000000        0x0 c:/program files (x86)/atmel/atmel toolchain/avr8 gcc/native/3.4.1061/avr8-gnu-toolchain/bin/../lib/gcc/avr/4.8.1/avr5\libgcc.a(_clear_bss.o)
 .bss           0x00000000        0x0 c:/program files (x86)/atmel/atmel toolchain/avr8 gcc/native/3.4.1061/avr8-gnu-toolchain/bin/../lib/gcc/avr/4.8.1/avr5\libgcc.a(_clear_bss.o)
 .text.libgcc.mul
                0x00000000        0x0 c:/program files (x86)/atmel/atmel toolchain/avr8 gcc/native/3.4.1061/avr8-gnu-toolchain/bin/../lib/gcc/avr/4.8.1/avr5\libgcc.a(_clear_bss.o)
 .text.libgcc.div
                0x00000000        0x0 c:/program files (x86)/atmel/atmel toolchain/avr8 gcc/native/3.4.1061/avr8-gnu-toolchain/bin/../lib/gcc/avr/4.8.1/avr5\libgcc.a(_clear_bss.o)
 .text.libgcc   0x00000000        0x0 c:/program files (x86)/atmel/atmel toolchain/avr8 gcc/native/3.4.1061/avr8-gnu-toolchain/bin/../lib/gcc/avr/4.8.1/avr5\libgcc.a(_clear_bss.o)
 .text.libgcc.prologue
                0x00000000        0x0 c:/program files (x86)/atmel/atmel toolchain/avr8 gcc/native/3.4.1061/avr8-gnu-toolchain/bin/../lib/gcc/avr/4.8.1/avr5\libgcc.a(_clear_bss.o)
 .text.libgcc.builtins
                0x00000000        0x0 c:/program files (x86)/atmel/atmel toolchain/avr8 gcc/native/3.4.1061/avr8-gnu-toolchain/bin/../lib/gcc/avr/4.8.1/avr5\libgcc.a(_clear_bss.o)
 .text.libgcc.fmul
                0x00000000        0x0 c:/program files (x86)/atmel/atmel toolchain/avr8 gcc/native/3.4.1061/avr8-gnu-toolchain/bin/../lib/gcc/avr/4.8.1/avr5\libgcc.a(_clear_bss.o)
 .text.libgcc.fixed
                0x00000000        0x0 c:/program files (x86)/atmel/atmel toolchain/avr8 gcc/native/3.4.1061/avr8-gnu-toolchain/bin/../lib/gcc/avr/4.8.1/avr5\libgcc.a(_clear_bss.o)
 .text          0x00000000        0x0 c:/program files (x86)/atmel/atmel toolchain/avr8 gcc/native/3.4.1061/avr8-gnu-toolchain/bin/../lib/gcc/avr/4.8.1/avr5\libgcc.a(_muluhisi3.o)
 .data          0x00000000        0x0 c:/program files (x86)/atmel/atmel toolchain/avr8 gcc/native/3.4.1061/avr8-gnu-toolchain/bin/../lib/gcc/avr/4.8.1/avr5\libgcc.a(_muluhisi3.o)
 .bss           0x00000000        0x0 c:/program files (x86)/atmel/atmel toolchain/avr8 gcc/native/3.4.1061/avr8-gnu-toolchain/bin/../lib/gcc/avr/4.8.1/avr5\libgcc.a(_muluhisi3.o)
 .text.libgcc.div
                0x00000000        0x0 c:/program files (x86)/atmel/atmel toolchain/avr8 gcc/native/3.4.1061/avr8-gnu-toolchain/bin/../lib/gcc/avr/4.8.1/avr5\libgcc.a(_muluhisi3.o)
 .text.libgcc   0x00000000        0x0 c:/program files (x86)/atmel/atmel toolchain/avr8 gcc/native/3.4.1061/avr8-gnu-toolchain/bin/../lib/gcc/avr/4.8.1/avr5\libgcc.a(_muluhisi3.o)
 .text.libgcc.prologue
                0x00000000        0x0 c:/program files (x86)/atmel/atmel toolchain/avr8 gcc/native/3.4.1061/avr8-gnu-toolchain/bin/../lib/gcc/avr/4.8.1/avr5\libgcc.a(_muluhisi3.o)
 .text.libgcc.builtins
                0x00000000        0x0 c:/program files (x86)/atmel/atmel toolchain/avr8 gcc/native/3.4.1061/avr8-gnu-toolchain/bin/../lib/gcc/avr/4.8.1/avr5\libgcc.a(_muluhisi3.o)
 .text.libgcc.fmul
                0x00000000        0x0 c:/program files (x86)/atmel/atmel toolchain/avr8 gcc/native/3.4.1061/avr8-gnu-toolchain/bin/../lib/gcc/avr/4.8.1/avr5\libgcc.a(_muluhisi3.o)
 .text.libgcc.fixed
                0x00000000        0x0 c:/program files (x86)/atmel/atmel toolchain/avr8 gcc/native/3.4.1061/avr8-gnu-toolchain/bin/../lib/gcc/avr/4.8.1/avr5\libgcc.a(_muluhisi3.o)
 .text          0x00000000        0x0 c:/program files (x86)/atmel/atmel toolchain/avr8 gcc/native/3.4.1061/avr8-gnu-toolchain/bin/../lib/gcc/avr/4.8.1/avr5\libgcc.a(_umulhisi3.o)
 .data          0x00000000        0x0 c:/program files (x86)/atmel/atmel toolchain/avr8 gcc/native/3.4.1061/avr8-gnu-toolchain/bin/../lib/gcc/avr/4.8.1/avr5\libgcc.a(_umulhisi3.o)
 .bss           0x00000000        0x0 c:/program files (x86)/atmel/atmel toolchain/avr8 gcc/native/3.4.1061/avr8-gnu-toolchain/bin/../lib/gcc/avr/4.8.1/avr5\libgcc.a(_umulhisi3.o)
 .text.libgcc.div
                0x00000000        0x0 c:/program files (x86)/atmel/atmel toolchain/avr8 gcc/native/3.4.1061/avr8-gnu-toolchain/bin/../lib/gcc/avr/4.8.1/avr5\libgcc.a(_umulhisi3.o)
 .text.libgcc   0x00000000        0x0 c:/program files (x86)/atmel/atmel toolchain/avr8 gcc/native/3.4.1061/avr8-gnu-toolchain/bin/../lib/gcc/avr/4.8.1/avr5\libgcc.a(_umulhisi3.o)
 .text.libgcc.prologue
                0x00000000        0x0 c:/program files (x86)/atmel/atmel toolchain/avr8 gcc/native/3.4.1061/avr8-gnu-toolchain/bin/../lib/gcc/avr/4.8.1/avr5\libgcc.a(_umulhisi3.o)
 .text.libgcc.builtins
                0x00000000        0x0 c:/program files (x86)/atmel/atmel toolchain/avr8 gcc/native/3.4.1061/avr8-gnu-toolchain/bin/../lib/gcc/avr/4.8.1/avr5\libgcc.a(_umulhisi3.o)
 .text.libgcc.fmul
                0x00000000        0x0 c:/program files (x86)/atmel/atmel toolchain/avr8 gcc/native/3.4.1061/avr8-gnu-toolchain/bin/../lib/gcc/avr/4.8.1/avr5\libgcc.a(_umulhisi3.o)
 .text.libgcc.fixed
                0x00000000        0x0 c:/program files (x86)/atmel/atmel toolchain/avr8 gcc/native/3.4.1061/avr8-gnu-toolchain/bin/../lib/gcc/avr/4.8.1/avr5\libgcc.a(_umulhisi3.o)
 .text          0x00000000        0x0 c:/program files (x86)/atmel/atmel toolchain/avr8 gcc/native/3.4.1061/avr8-gnu-toolchain/bin/../lib/gcc/avr/4.8.1/../../../../avr/lib/avr5\libc.a(itoa_ncheck.o)
 .data          0x00000000        0x0 c:/program files (x86)/atmel/atmel toolchain/avr8 gcc/native/3.4.1061/avr8-gnu-toolchain/bin/../lib/gcc/avr/4.8.1/../../../../avr/lib/avr5\libc.a(itoa_ncheck.o)
 .bss           0x00000000        0x0 c:/program files (x86)/atmel/atmel toolchain/avr8 gcc/native/3.4.1061/avr8-gnu-toolchain/bin/../lib/gcc/avr/4.8.1/../../../../avr/lib/avr5\libc.a(itoa_ncheck.o)
 .text          0x00000000        0x0 c:/program files (x86)/atmel/atmel toolchain/avr8 gcc/native/3.4.1061/avr8-gnu-toolchain/bin/../lib/gcc/avr/4.8.1/../../../../avr/lib/avr5\libc.a(utoa_ncheck.o)
 .data          0x00000000        0x0 c:/program files (x86)/atmel/atmel toolchain/avr8 gcc/native/3.4.1061/avr8-gnu-toolchain/bin/../lib/gcc/avr/4.8.1/../../../../avr/lib/avr5\libc.a(utoa_ncheck.o)
 .bss           0x00000000        0x0 c:/program files (x86)/atmel/atmel toolchain/avr8 gcc/native/3.4.1061/avr8-gnu-toolchain/bin/../lib/gcc/avr/4.8.1/../../../../avr/lib/avr5\libc.a(utoa_ncheck.o)
 .text          0x00000000        0x0 c:/program files (x86)/atmel/atmel toolchain/avr8 gcc/native/3.4.1061/avr8-gnu-toolchain/bin/../lib/gcc/avr/4.8.1/../../../../avr/lib/avr5\libc.a(strrev.o)
 .data          0x00000000        0x0 c:/program files (x86)/atmel/atmel toolchain/avr8 gcc/native/3.4.1061/avr8-gnu-toolchain/bin/../lib/gcc/avr/4.8.1/../../../../avr/lib/avr5\libc.a(strrev.o)
 .bss           0x00000000        0x0 c:/program files (x86)/atmel/atmel toolchain/avr8 gcc/native/3.4.1061/avr8-gnu-toolchain/bin/../lib/gcc/avr/4.8.1/../../../../avr/lib/avr5\libc.a(strrev.o)

Memory Configuration

Name             Origin             Length             Attributes
text             0x00000000         0x00020000         xr
data             0x00800060         0x0000ffa0         rw !x
eeprom           0x00810000         0x00010000         rw !x
fuse             0x00820000         0x00000400         rw !x
lock             0x00830000         0x00000400         rw !x
signature        0x00840000         0x00000400         rw !x
user_signatures  0x00850000         0x00000400         rw !x
*default*        0x00000000         0xffffffff

Linker script and memory map

LOAD c:/program files (x86)/atmel/atmel toolchain/avr8 gcc/native/3.4.1061/avr8-gnu-toolchain/bin/../lib/gcc/avr/4.8.1/../../../../avr/lib/avr5/crtm32a.o
LOAD APP/Master/Master.o
LOAD ECUAL/LCD/Char_lcd.o
LOAD ECUAL/Push Button/PushButton.o
LOAD ECUAL/SOFTWARE DELAY/softwareDelay.o
LOAD ECUAL/Speed Handler/SpeedHandler.o
LOAD ECUAL/SPI interface/SPI_If.o
LOAD ECUAL/TIMER interface/TIMERIF.o
LOAD ECUAL/UART interface/UARTIF.o
LOAD MCAL/DIO/DIO.o
LOAD MCAL/SPI/SPI.o
LOAD MCAL/TIMER/Timer.o
LOAD MCAL/UART/UART.o
LOAD Vehicle State Estimator.o
START GROUP
LOAD c:/program files (x86)/atmel/atmel toolchain/avr8 gcc/native/3.4.1061/avr8-gnu-toolchain/bin/../lib/gcc/avr/4.8.1/../../../../avr/lib/avr5\libm.a
END GROUP
START GROUP
LOAD c:/program files (x86)/atmel/atmel toolchain/avr8 gcc/native/3.4.1061/avr8-gnu-toolchain/bin/../lib/gcc/avr/4.8.1/avr5\libgcc.a
LOAD c:/program files (x86)/atmel/atmel toolchain/avr8 gcc/native/3.4.1061/avr8-gnu-toolchain/bin/../lib/gcc/avr/4.8.1/../../../../avr/lib/avr5\libm.a
LOAD c:/program files (x86)/atmel/atmel toolchain/avr8 gcc/native/3.4.1061/avr8-gnu-toolchain/bin/../lib/gcc/avr/4.8.1/../../../../avr/lib/avr5\libc.a
END GROUP

.hash
 *(.hash)

.dynsym
 *(.dynsym)

.dynstr
 *(.dynstr)

.gnu.version
 *(.gnu.version)

.gnu.version_d
 *(.gnu.version_d)

.gnu.version_r
 *(.gnu.version_r)

.rel.init
 *(.rel.init)

.rela.init
 *(.rela.init)

.rel.text
 *(.rel.text)
 *(.rel.text.*)
 *(.rel.gnu.linkonce.t*)

.rela.text
 *(.rela.text)
 *(.rela.text.*)
 *(.rela.gnu.linkonce.t*)

.rel.fini
 *(.rel.fini)

.rela.fini
 *(.rela.fini)

.rel.rodata
 *(.rel.rodata)
 *(.rel.rodata.*)
 *(.rel.gnu.linkonce.r*)

.rela.rodata
 *(.rela.rodata)
 *(.rela.rodata.*)
 *(.rela.gnu.linkonce.r*)

.rel.data
 *(.rel.data)
 *(.rel.data.*)
 *(.rel.gnu.linkonce.d*)

.rela.data
 *(.rela.data)
 *(.rela.data.*)
 *(.rela.gnu.linkonce.d*)

.rel.ctors
 *(.rel.ctors)

.rela.ctors
 *(.rela.ctors)

.rel.dtors
 *(.rel.dtors)

.rela.dtors
 *(.rela.dtors)

.rel.got
 *(.rel.got)

.rela.got
 *(.rela.got)

.rel.bss
 *(.rel.bss)

.rela.bss
 *(.rela.bss)

.rel.plt
 *(.rel.plt)

.rela.plt
 *(.rela.plt)

.text           0x00000000     0x1494
 *(.vectors)
 .vectors       0x00000000       0x54 c:/program files (x86)/atmel/atmel toolchain/avr8 gcc/native/3.4.1061/avr8-gnu-toolchain/bin/../lib/gcc/avr/4.8.1/../../../../avr/lib/avr5/crtm32a.o
                0x00000000                __vector_default
                0x00000000                __vectors
 *(.vectors)
 *(.progmem.gcc*)
 .progmem.gcc_sw_table.SPI_Init
                0x00000054        0xe MCAL/SPI/SPI.o
 .progmem.gcc_sw_table.Timer_Init
                0x00000062        0xe MCAL/TIMER/Timer.o
                0x00000070                . = ALIGN (0x2)
                0x00000070                __trampolines_start = .
 *(.trampolines)
 .trampolines   0x00000070        0x0 linker stubs
 *(.trampolines*)
                0x00000070                __trampolines_end = .
 *(.progmem*)
                0x00000070                . = ALIGN (0x2)
 *(.jumptables)
 *(.jumptables*)
 *(.lowtext)
 *(.lowtext*)
                0x00000070                __ctors_start = .
 *(.ctors)
                0x00000070                __ctors_end = .
                0x00000070                __dtors_start = .
 *(.dtors)
                0x00000070                __dtors_end = .
 SORT(*)(.ctors)
 SORT(*)(.dtors)
 *(.init0)
 .init0         0x00000070        0x0 c:/program files (x86)/atmel/atmel toolchain/avr8 gcc/native/3.4.1061/avr8-gnu-toolchain/bin/../lib/gcc/avr/4.8.1/../../../../avr/lib/avr5/crtm32a.o
                0x00000070                __init
 *(.init0)
 *(.init1)
 *(.init1)
 *(.init2)
 .init2         0x00000070        0xc c:/program files (x86)/atmel/atmel toolchain/avr8 gcc/native/3.4.1061/avr8-gnu-toolchain/bin/../lib/gcc/avr/4.8.1/../../../../avr/lib/avr5/crtm32a.o
 *(.init2)
 *(.init3)
 *(.init3)
 *(.init4)
 .init4         0x0000007c       0x16 c:/program files (x86)/atmel/atmel toolchain/avr8 gcc/native/3.4.1061/avr8-gnu-toolchain/bin/../lib/gcc/avr/4.8.1/avr5\libgcc.a(_copy_data.o)
                0x0000007c                __do_copy_data
 .init4         0x00000092       0x10 c:/program files (x86)/atmel/atmel toolchain/avr8 gcc/native/3.4.1061/avr8-gnu-toolchain/bin/../lib/gcc/avr/4.8.1/avr5\libgcc.a(_clear_bss.o)
                0x00000092                __do_clear_bss
 *(.init4)
 *(.init5)
 *(.init5)
 *(.init6)
 *(.init6)
 *(.init7)
 *(.init7)
 *(.init8)
 *(.init8)
 *(.init9)
 .init9         0x000000a2        0x8 c:/program files (x86)/atmel/atmel toolchain/avr8 gcc/native/3.4.1061/avr8-gnu-toolchain/bin/../lib/gcc/avr/4.8.1/../../../../avr/lib/avr5/crtm32a.o
 *(.init9)
 *(.text)
 .text          0x000000aa        0x4 c:/program files (x86)/atmel/atmel toolchain/avr8 gcc/native/3.4.1061/avr8-gnu-toolchain/bin/../lib/gcc/avr/4.8.1/../../../../avr/lib/avr5/crtm32a.o
                0x000000aa                __vector_1
                0x000000aa                __bad_interrupt
                0x000000aa                __vector_6
                0x000000aa                __vector_3
                0x000000aa                __vector_17
                0x000000aa                __vector_19
                0x000000aa                __vector_7
                0x000000aa                __vector_4
                0x000000aa                __vector_2
                0x000000aa                __vector_8
                0x000000aa                __vector_10
                0x000000aa                __vector_16
                0x000000aa                __vector_18
                0x000000aa                __vector_20
                0x000000ae                . = ALIGN (0x2)
 *(.text.*)
 .text.TIMER_IF_CBK
                0x000000ae       0xa4 APP/Master/Master.o
                0x000000ae                TIMER_IF_CBK
 .text.Master_init
                0x00000152       0x30 APP/Master/Master.o
                0x00000152                Master_init
 .text.Master_Update
                0x00000182        0xc APP/Master/Master.o
                0x00000182                Master_Update
 .text.LCD_EN_pulse
                0x0000018e       0x2e ECUAL/LCD/Char_lcd.o
                0x0000018e                LCD_EN_pulse
 .text.LCD_config_pins
                0x000001bc       0x82 ECUAL/LCD/Char_lcd.o
                0x000001bc                LCD_config_pins
 .text.LCD_send_nibble
                0x0000023e       0x74 ECUAL/LCD/Char_lcd.o
                0x0000023e                LCD_send_nibble
 .text.LCD_send_char
                0x000002b2       0x36 ECUAL/LCD/Char_lcd.o
                0x000002b2                LCD_send_char
 .text.LCD_send_command
                0x000002e8       0x36 ECUAL/LCD/Char_lcd.o
                0x000002e8                LCD_send_command
 .text.LCD_init
                0x0000031e       0x48 ECUAL/LCD/Char_lcd.o
                0x0000031e                LCD_init
 .text.LCD_send_string
                0x00000366       0x1e ECUAL/LCD/Char_lcd.o
                0x00000366                LCD_send_string
 .text.LCD_goto_xy
                0x00000384       0x1e ECUAL/LCD/Char_lcd.o
                0x00000384                LCD_goto_xy
 .text.pushButton_Init
                0x000003a2       0x96 ECUAL/Push Button/PushButton.o
                0x000003a2                pushButton_Init
 .text.pushButton_Update
                0x00000438      0x118 ECUAL/Push Button/PushButton.o
                0x00000438                pushButton_Update
 .text.pushButton_GetStatus
                0x00000550       0x3a ECUAL/Push Button/PushButton.o
                0x00000550                pushButton_GetStatus
 .text.SwDelay_ms
                0x0000058a       0x38 ECUAL/SOFTWARE DELAY/softwareDelay.o
                0x0000058a                SwDelay_ms
 .text.SpeedHandler_init
                0x000005c2       0x2a ECUAL/Speed Handler/SpeedHandler.o
                0x000005c2                SpeedHandler_init
 .text.SpeedHandler_Update
                0x000005ec       0x5a ECUAL/Speed Handler/SpeedHandler.o
                0x000005ec                SpeedHandler_Update
 .text.SPIIf_init
                0x00000646       0x40 ECUAL/SPI interface/SPI_If.o
                0x00000646                SPIIf_init
 .text.SPIIf_update
                0x00000686        0x8 ECUAL/SPI interface/SPI_If.o
                0x00000686                SPIIf_update
 .text.Timer_OVF_CBK
                0x0000068e       0x26 ECUAL/TIMER interface/TIMERIF.o
                0x0000068e                Timer_OVF_CBK
 .text.TimerIf_init
                0x000006b4       0x50 ECUAL/TIMER interface/TIMERIF.o
                0x000006b4                TimerIf_init
 .text.TimerIf_start
                0x00000704        0xe ECUAL/TIMER interface/TIMERIF.o
                0x00000704                TimerIf_start
 .text.UARTIf_init
                0x00000712       0x42 ECUAL/UART interface/UARTIF.o
                0x00000712                UARTIf_init
 .text.UARTIf_getValues
                0x00000754      0x12c ECUAL/UART interface/UARTIF.o
                0x00000754                UARTIf_getValues
 .text.DIO_init
                0x00000880       0xc4 MCAL/DIO/DIO.o
                0x00000880                DIO_init
 .text.DIO_Write
                0x00000944       0x8e MCAL/DIO/DIO.o
                0x00000944                DIO_Write
 .text.DIO_Read
                0x000009d2       0x4e MCAL/DIO/DIO.o
                0x000009d2                DIO_Read
 .text.SPI_Init
                0x00000a20      0x168 MCAL/SPI/SPI.o
                0x00000a20                SPI_Init
 .text.SPI_MasterTransmission
                0x00000b88       0x3a MCAL/SPI/SPI.o
                0x00000b88                SPI_MasterTransmission
 .text.__vector_12
                0x00000bc2       0x4e MCAL/SPI/SPI.o
                0x00000bc2                __vector_12
 .text.Timer_Init
                0x00000c10      0x23e MCAL/TIMER/Timer.o
                0x00000c10                Timer_Init
 .text.Timer_Start
                0x00000e4e       0xc0 MCAL/TIMER/Timer.o
                0x00000e4e                Timer_Start
 .text.__vector_11
                0x00000f0e       0x52 MCAL/TIMER/Timer.o
                0x00000f0e                __vector_11
 .text.__vector_9
                0x00000f60       0x52 MCAL/TIMER/Timer.o
                0x00000f60                __vector_9
 .text.__vector_5
                0x00000fb2       0x52 MCAL/TIMER/Timer.o
                0x00000fb2                __vector_5
 .text.UART_Init
                0x00001004      0x282 MCAL/UART/UART.o
                0x00001004                UART_Init
 .text.UART_SendByte
                0x00001286        0xa MCAL/UART/UART.o
                0x00001286                UART_SendByte
 .text.UART_ReceiveByte
                0x00001290        0xe MCAL/UART/UART.o
                0x00001290                UART_ReceiveByte
 .text.__vector_15
                0x0000129e       0x52 MCAL/UART/UART.o
                0x0000129e                __vector_15
 .text.__vector_14
                0x000012f0       0x52 MCAL/UART/UART.o
                0x000012f0                __vector_14
 .text.__vector_13
                0x00001342       0x52 MCAL/UART/UART.o
                0x00001342                __vector_13
 .text.main     0x00001394        0xe Vehicle State Estimator.o
                0x00001394                main
 .text.libgcc.div
                0x000013a2       0x44 c:/program files (x86)/atmel/atmel toolchain/avr8 gcc/native/3.4.1061/avr8-gnu-toolchain/bin/../lib/gcc/avr/4.8.1/avr5\libgcc.a(_udivmodsi4.o)
                0x000013a2                __udivmodsi4
 .text.libgcc   0x000013e6        0xc c:/program files (x86)/atmel/atmel toolchain/avr8 gcc/native/3.4.1061/avr8-gnu-toolchain/bin/../lib/gcc/avr/4.8.1/avr5\libgcc.a(_tablejump.o)
                0x000013e6                __tablejump2__
                0x000013ea                __tablejump__
 .text.libgcc.mul
                0x000013f2       0x16 c:/program files (x86)/atmel/atmel toolchain/avr8 gcc/native/3.4.1061/avr8-gnu-toolchain/bin/../lib/gcc/avr/4.8.1/avr5\libgcc.a(_muluhisi3.o)
                0x000013f2                __muluhisi3
 .text.libgcc.mul
                0x00001408       0x1e c:/program files (x86)/atmel/atmel toolchain/avr8 gcc/native/3.4.1061/avr8-gnu-toolchain/bin/../lib/gcc/avr/4.8.1/avr5\libgcc.a(_umulhisi3.o)
                0x00001408                __umulhisi3
 .text.avr-libc
                0x00001426       0x16 c:/program files (x86)/atmel/atmel toolchain/avr8 gcc/native/3.4.1061/avr8-gnu-toolchain/bin/../lib/gcc/avr/4.8.1/../../../../avr/lib/avr5\libc.a(itoa_ncheck.o)
                0x00001426                __itoa_ncheck
 .text.avr-libc
                0x0000143c       0x34 c:/program files (x86)/atmel/atmel toolchain/avr8 gcc/native/3.4.1061/avr8-gnu-toolchain/bin/../lib/gcc/avr/4.8.1/../../../../avr/lib/avr5\libc.a(utoa_ncheck.o)
                0x0000143c                __utoa_ncheck
                0x0000143e                __utoa_common
 .text.avr-libc
                0x00001470       0x20 c:/program files (x86)/atmel/atmel toolchain/avr8 gcc/native/3.4.1061/avr8-gnu-toolchain/bin/../lib/gcc/avr/4.8.1/../../../../avr/lib/avr5\libc.a(strrev.o)
                0x00001470                strrev
                0x00001490                . = ALIGN (0x2)
 *(.fini9)
 .fini9         0x00001490        0x0 c:/program files (x86)/atmel/atmel toolchain/avr8 gcc/native/3.4.1061/avr8-gnu-toolchain/bin/../lib/gcc/avr/4.8.1/avr5\libgcc.a(_exit.o)
                0x00001490                _exit
                0x00001490                exit
 *(.fini9)
 *(.fini8)
 *(.fini8)
 *(.fini7)
 *(.fini7)
 *(.fini6)
 *(.fini6)
 *(.fini5)
 *(.fini5)
 *(.fini4)
 *(.fini4)
 *(.fini3)
 *(.fini3)
 *(.fini2)
 *(.fini2)
 *(.fini1)
 *(.fini1)
 *(.fini0)
 .fini0         0x00001490        0x4 c:/program files (x86)/atmel/atmel toolchain/avr8 gcc/native/3.4.1061/avr8-gnu-toolchain/bin/../lib/gcc/avr/4.8.1/avr5\libgcc.a(_exit.o)
 *(.fini0)
                0x00001494                _etext = .

.data           0x00800060       0x62 load address 0x00001494
                0x00800060                PROVIDE (__data_start, .)
 *(.data)
 *(.data*)
 .data.gsu8_SPI_IdealExchangeData
                0x00800060        0x1 APP/Master/Master.o
 .data.STA_buttons
                0x00800061       0x10 ECUAL/Push Button/PushButton.o
 *(.rodata)
 .rodata        0x00800071        0x6 ECUAL/TIMER interface/TIMERIF.o
 .rodata        0x00800077       0x10 ECUAL/UART interface/UARTIF.o
 *(.rodata*)
 .rodata.str1.1
                0x00800087       0x10 APP/Master/Master.o
 .rodata.str1.1
                0x00800097       0x2a ECUAL/UART interface/UARTIF.o
 *(.gnu.linkonce.d*)
                0x008000c2                . = ALIGN (0x2)
 *fill*         0x008000c1        0x1 
                0x008000c2                _edata = .
                0x008000c2                PROVIDE (__data_end, .)

.bss            0x008000c2       0x1b
                0x008000c2                PROVIDE (__bss_start, .)
 *(.bss)
 *(.bss*)
 .bss.gsu8_SystemVelocityTEMP
                0x008000c2        0x1 APP/Master/Master.o
 .bss.gsu8_SystemTimeTEMP
                0x008000c3        0x1 APP/Master/Master.o
 .bss.gsu8_SystemVelocity
                0x008000c4        0x1 APP/Master/Master.o
 .bss.gsu8_SystemTime
                0x008000c5        0x1 APP/Master/Master.o
 .bss.TIMER_IF_CBK_ptr
                0x008000c6        0x2 ECUAL/TIMER interface/TIMERIF.o
                0x008000c6                TIMER_IF_CBK_ptr
 .bss.gsu8_OVFCount
                0x008000c8        0x1 ECUAL/TIMER interface/TIMERIF.o
 .bss.gp_SPI_CBK
                0x008000c9        0x2 MCAL/SPI/SPI.o
 .bss.TIMER_OVF_CBK_PTR
                0x008000cb        0x6 MCAL/TIMER/Timer.o
                0x008000cb                TIMER_OVF_CBK_PTR
 .bss.gu8_started_state
                0x008000d1        0x3 MCAL/TIMER/Timer.o
 .bss.gu8_TimerPrescaler
                0x008000d4        0x3 MCAL/TIMER/Timer.o
 .bss.DataRegisterEmpty_Cbk_ptr
                0x008000d7        0x2 MCAL/UART/UART.o
                0x008000d7                DataRegisterEmpty_Cbk_ptr
 .bss.Receiver_Cbk_ptr
                0x008000d9        0x2 MCAL/UART/UART.o
                0x008000d9                Receiver_Cbk_ptr
 .bss.Transmitter_Cbk_ptr
                0x008000db        0x2 MCAL/UART/UART.o
                0x008000db                Transmitter_Cbk_ptr
 *(COMMON)
                0x008000dd                PROVIDE (__bss_end, .)
                0x00001494                __data_load_start = LOADADDR (.data)
                0x000014f6                __data_load_end = (__data_load_start + SIZEOF (.data))

.noinit         0x008000dd        0x0
                0x008000dd                PROVIDE (__noinit_start, .)
 *(.noinit*)
                0x008000dd                PROVIDE (__noinit_end, .)
                0x008000dd                _end = .
                0x008000dd                PROVIDE (__heap_start, .)

.eeprom         0x00810000        0x0
 *(.eeprom*)
                0x00810000                __eeprom_end = .

.fuse
 *(.fuse)
 *(.lfuse)
 *(.hfuse)
 *(.efuse)

.lock
 *(.lock*)

.signature
 *(.signature*)

.user_signatures
 *(.user_signatures*)

.stab
 *(.stab)

.stabstr
 *(.stabstr)

.stab.excl
 *(.stab.excl)

.stab.exclstr
 *(.stab.exclstr)

.stab.index
 *(.stab.index)

.stab.indexstr
 *(.stab.indexstr)

.comment        0x00000000       0x30
 *(.comment)
 .comment       0x00000000       0x30 APP/Master/Master.o
                                 0x31 (size before relaxing)
 .comment       0x00000000       0x31 ECUAL/LCD/Char_lcd.o
 .comment       0x00000000       0x31 ECUAL/Push Button/PushButton.o
 .comment       0x00000000       0x31 ECUAL/SOFTWARE DELAY/softwareDelay.o
 .comment       0x00000000       0x31 ECUAL/Speed Handler/SpeedHandler.o
 .comment       0x00000000       0x31 ECUAL/SPI interface/SPI_If.o
 .comment       0x00000000       0x31 ECUAL/TIMER interface/TIMERIF.o
 .comment       0x00000000       0x31 ECUAL/UART interface/UARTIF.o
 .comment       0x00000000       0x31 MCAL/DIO/DIO.o
 .comment       0x00000000       0x31 MCAL/SPI/SPI.o
 .comment       0x00000000       0x31 MCAL/TIMER/Timer.o
 .comment       0x00000000       0x31 MCAL/UART/UART.o
 .comment       0x00000000       0x31 Vehicle State Estimator.o

.note.gnu.build-id
 *(.note.gnu.build-id)

.debug
 *(.debug)

.line
 *(.line)

.debug_srcinfo
 *(.debug_srcinfo)

.debug_sfnames
 *(.debug_sfnames)

.debug_aranges  0x00000000      0x2e0
 *(.debug_aranges)
 .debug_aranges
                0x00000000       0x30 APP/Master/Master.o
 .debug_aranges
                0x00000030       0x60 ECUAL/LCD/Char_lcd.o
 .debug_aranges
                0x00000090       0x30 ECUAL/Push Button/PushButton.o
 .debug_aranges
                0x000000c0       0x20 ECUAL/SOFTWARE DELAY/softwareDelay.o
 .debug_aranges
                0x000000e0       0x28 ECUAL/Speed Handler/SpeedHandler.o
 .debug_aranges
                0x00000108       0x28 ECUAL/SPI interface/SPI_If.o
 .debug_aranges
                0x00000130       0x30 ECUAL/TIMER interface/TIMERIF.o
 .debug_aranges
                0x00000160       0x28 ECUAL/UART interface/UARTIF.o
 .debug_aranges
                0x00000188       0x38 MCAL/DIO/DIO.o
 .debug_aranges
                0x000001c0       0x58 MCAL/SPI/SPI.o
 .debug_aranges
                0x00000218       0x58 MCAL/TIMER/Timer.o
 .debug_aranges
                0x00000270       0x50 MCAL/UART/UART.o
 .debug_aranges
                0x000002c0       0x20 Vehicle State Estimator.o

.debug_pubnames
 *(.debug_pubnames)

.debug_info     0x00000000     0x2572
 *(.debug_info .gnu.linkonce.wi.*)
 .debug_info    0x00000000      0x4e2 APP/Master/Master.o
 .debug_info    0x000004e2      0x69a ECUAL/LCD/Char_lcd.o
 .debug_info    0x00000b7c      0x37b ECUAL/Push Button/PushButton.o
 .debug_info    0x00000ef7       0xa5 ECUAL/SOFTWARE DELAY/softwareDelay.o
 .debug_info    0x00000f9c      0x1bd ECUAL/Speed Handler/SpeedHandler.o
 .debug_info    0x00001159      0x1a2 ECUAL/SPI interface/SPI_If.o
 .debug_info    0x000012fb      0x1e4 ECUAL/TIMER interface/TIMERIF.o
 .debug_info    0x000014df      0x327 ECUAL/UART interface/UARTIF.o
 .debug_info    0x00001806      0x1dd MCAL/DIO/DIO.o
 .debug_info    0x000019e3      0x46f MCAL/SPI/SPI.o
 .debug_info    0x00001e52      0x2fc MCAL/TIMER/Timer.o
 .debug_info    0x0000214e      0x350 MCAL/UART/UART.o
 .debug_info    0x0000249e       0xd4 Vehicle State Estimator.o

.debug_abbrev   0x00000000      0xec3
 *(.debug_abbrev)
 .debug_abbrev  0x00000000      0x1f4 APP/Master/Master.o
 .debug_abbrev  0x000001f4      0x13d ECUAL/LCD/Char_lcd.o
 .debug_abbrev  0x00000331      0x15e ECUAL/Push Button/PushButton.o
 .debug_abbrev  0x0000048f       0x6f ECUAL/SOFTWARE DELAY/softwareDelay.o
 .debug_abbrev  0x000004fe      0x10b ECUAL/Speed Handler/SpeedHandler.o
 .debug_abbrev  0x00000609      0x101 ECUAL/SPI interface/SPI_If.o
 .debug_abbrev  0x0000070a      0x133 ECUAL/TIMER interface/TIMERIF.o
 .debug_abbrev  0x0000083d      0x131 ECUAL/UART interface/UARTIF.o
 .debug_abbrev  0x0000096e       0xd1 MCAL/DIO/DIO.o
 .debug_abbrev  0x00000a3f      0x17b MCAL/SPI/SPI.o
 .debug_abbrev  0x00000bba      0x124 MCAL/TIMER/Timer.o
 .debug_abbrev  0x00000cde      0x161 MCAL/UART/UART.o
 .debug_abbrev  0x00000e3f       0x84 Vehicle State Estimator.o

.debug_line     0x00000000      0xdc2
 *(.debug_line .debug_line.* .debug_line_end)
 .debug_line    0x00000000      0x1cf APP/Master/Master.o
 .debug_line    0x000001cf      0x166 ECUAL/LCD/Char_lcd.o
 .debug_line    0x00000335      0x11a ECUAL/Push Button/PushButton.o
 .debug_line    0x0000044f       0x76 ECUAL/SOFTWARE DELAY/softwareDelay.o
 .debug_line    0x000004c5       0xae ECUAL/Speed Handler/SpeedHandler.o
 .debug_line    0x00000573       0x8e ECUAL/SPI interface/SPI_If.o
 .debug_line    0x00000601       0xac ECUAL/TIMER interface/TIMERIF.o
 .debug_line    0x000006ad       0xf8 ECUAL/UART interface/UARTIF.o
 .debug_line    0x000007a5      0x156 MCAL/DIO/DIO.o
 .debug_line    0x000008fb      0x155 MCAL/SPI/SPI.o
 .debug_line    0x00000a50      0x195 MCAL/TIMER/Timer.o
 .debug_line    0x00000be5      0x13b MCAL/UART/UART.o
 .debug_line    0x00000d20       0xa2 Vehicle State Estimator.o

.debug_frame    0x00000000      0x818
 *(.debug_frame)
 .debug_frame   0x00000000       0x54 APP/Master/Master.o
 .debug_frame   0x00000054       0xd8 ECUAL/LCD/Char_lcd.o
 .debug_frame   0x0000012c       0xa8 ECUAL/Push Button/PushButton.o
 .debug_frame   0x000001d4       0x30 ECUAL/SOFTWARE DELAY/softwareDelay.o
 .debug_frame   0x00000204       0x60 ECUAL/Speed Handler/SpeedHandler.o
 .debug_frame   0x00000264       0x44 ECUAL/SPI interface/SPI_If.o
 .debug_frame   0x000002a8       0x60 ECUAL/TIMER interface/TIMERIF.o
 .debug_frame   0x00000308       0x74 ECUAL/UART interface/UARTIF.o
 .debug_frame   0x0000037c       0x54 MCAL/DIO/DIO.o
 .debug_frame   0x000003d0      0x108 MCAL/SPI/SPI.o
 .debug_frame   0x000004d8      0x178 MCAL/TIMER/Timer.o
 .debug_frame   0x00000650      0x1a4 MCAL/UART/UART.o
 .debug_frame   0x000007f4       0x24 Vehicle State Estimator.o

.debug_str      0x00000000      0xa96
 *(.debug_str)
 .debug_str     0x00000000      0x2da APP/Master/Master.o
                                0x318 (size before relaxing)
 .debug_str     0x000002da       0xc6 ECUAL/LCD/Char_lcd.o
                                0x253 (size before relaxing)
 .debug_str     0x000003a0      0x145 ECUAL/Push Button/PushButton.o
                                0x2f1 (size before relaxing)
 .debug_str     0x000004e5       0x28 ECUAL/SOFTWARE DELAY/softwareDelay.o
                                0x19b (size before relaxing)
 .debug_str     0x0000050d       0x32 ECUAL/Speed Handler/SpeedHandler.o
                                0x225 (size before relaxing)
 .debug_str     0x0000053f       0x9e ECUAL/SPI interface/SPI_If.o
                                0x222 (size before relaxing)
 .debug_str     0x000005dd       0xd5 ECUAL/TIMER interface/TIMERIF.o
                                0x264 (size before relaxing)
 .debug_str     0x000006b2      0x155 ECUAL/UART interface/UARTIF.o
                                0x31e (size before relaxing)
 .debug_str     0x00000807       0x36 MCAL/DIO/DIO.o
                                0x1d2 (size before relaxing)
 .debug_str     0x0000083d       0xd8 MCAL/SPI/SPI.o
                                0x2f2 (size before relaxing)
 .debug_str     0x00000915       0xbf MCAL/TIMER/Timer.o
                                0x2b8 (size before relaxing)
 .debug_str     0x000009d4       0x9e MCAL/UART/UART.o
                                0x306 (size before relaxing)
 .debug_str     0x00000a72       0x24 Vehicle State Estimator.o
                                0x1ae (size before relaxing)

.debug_loc      0x00000000     0x1b19
 *(.debug_loc)
 .debug_loc     0x00000000       0x81 APP/Master/Master.o
 .debug_loc     0x00000081      0x27d ECUAL/LCD/Char_lcd.o
 .debug_loc     0x000002fe      0x248 ECUAL/Push Button/PushButton.o
 .debug_loc     0x00000546       0x8d ECUAL/SOFTWARE DELAY/softwareDelay.o
 .debug_loc     0x000005d3       0xe0 ECUAL/Speed Handler/SpeedHandler.o
 .debug_loc     0x000006b3       0x6d ECUAL/SPI interface/SPI_If.o
 .debug_loc     0x00000720       0x99 ECUAL/TIMER interface/TIMERIF.o
 .debug_loc     0x000007b9      0x202 ECUAL/UART interface/UARTIF.o
 .debug_loc     0x000009bb      0x5c5 MCAL/DIO/DIO.o
 .debug_loc     0x00000f80      0x295 MCAL/SPI/SPI.o
 .debug_loc     0x00001215      0x53b MCAL/TIMER/Timer.o
 .debug_loc     0x00001750      0x3c9 MCAL/UART/UART.o

.debug_macinfo
 *(.debug_macinfo)

.debug_weaknames
 *(.debug_weaknames)

.debug_funcnames
 *(.debug_funcnames)

.debug_typenames
 *(.debug_typenames)

.debug_varnames
 *(.debug_varnames)

.debug_pubtypes
 *(.debug_pubtypes)

.debug_ranges   0x00000000      0x228
 *(.debug_ranges)
 .debug_ranges  0x00000000       0x20 APP/Master/Master.o
 .debug_ranges  0x00000020       0x50 ECUAL/LCD/Char_lcd.o
 .debug_ranges  0x00000070       0x20 ECUAL/Push Button/PushButton.o
 .debug_ranges  0x00000090       0x10 ECUAL/SOFTWARE DELAY/softwareDelay.o
 .debug_ranges  0x000000a0       0x18 ECUAL/Speed Handler/SpeedHandler.o
 .debug_ranges  0x000000b8       0x18 ECUAL/SPI interface/SPI_If.o
 .debug_ranges  0x000000d0       0x20 ECUAL/TIMER interface/TIMERIF.o
 .debug_ranges  0x000000f0       0x18 ECUAL/UART interface/UARTIF.o
 .debug_ranges  0x00000108       0x28 MCAL/DIO/DIO.o
 .debug_ranges  0x00000130       0x48 MCAL/SPI/SPI.o
 .debug_ranges  0x00000178       0x48 MCAL/TIMER/Timer.o
 .debug_ranges  0x000001c0       0x58 MCAL/UART/UART.o
 .debug_ranges  0x00000218       0x10 Vehicle State Estimator.o

.debug_macro
 *(.debug_macro)
OUTPUT(Vehicle State Estimator.elf elf32-avr)
LOAD linker stubs
